// Jest Snapshot v1, https://goo.gl/fbAQLP

exports[`SearchBar Component contains necessary props 1`] = `ReactWrapper {}`;

exports[`SearchBar Component renders the UI as expected 1`] = `
<div
  className="SearchBar"
>
  <label
    htmlFor="searchInput"
  >
    Search by Title or Author
  </label>
  <input
    id="searchInput"
    onChange={[Function]}
    placeholder="Les Miserables"
    type="text"
    value="test-term"
  />
</div>
`;
